// Jest Snapshot v1, https://goo.gl/fbAQLP

exports[`Shop all links show up on screen 1`] = `
<div>
  <div
    class="shop"
  >
    <div
      data-testid="shopping-cart"
    >
      <h1>
        Your Cart
      </h1>
    </div>
    <div>
      <ul>
        <li>
          <a
            href="/tops"
          >
            Tops
          </a>
        </li>
        <li>
          <a
            href="/jackets"
          >
            Jackets and Coats
          </a>
        </li>
        <li>
          <a
            href="/pants"
          >
            Pants
          </a>
        </li>
        <li>
          <a
            href="/shorts"
          >
            Shorts
          </a>
        </li>
        <li>
          <a
            href="/underwear"
          >
            Underwear
          </a>
        </li>
        <li>
          <a
            href="/swimwear"
          >
            Swimwear
          </a>
        </li>
      </ul>
    </div>
  </div>
  )
</div>
`;
